{
  "id": "<id>",
  "sha": null,
  "force": false,
  "environment": "production",
  "config": {
  },
  "exit_status": null,
  "done": false,
  "success": false
}